Error loading function: /home/razvan/hackso/tests/libbasic.so: undefined symbol: 
Error loading function: /home/razvan/hackso/tests/libbasic.so: undefined symbol: 
Error loading function: /home/razvan/hackso/tests/libbasic.so: undefined symbol: 
