Output file: /home/razvan/hackso/tests/libbasic.so  
